mobile [
  {
    label: 'low-rest',
    fps: 29.986006530263534,
    cpuP95: 1.199999999254942,
    draws: [ 46, 46 ]
  },
  {
    label: 'standard-rest',
    fps: 29.924192046836975,
    cpuP95: 1.199999999254942,
    draws: [ 46, 90 ]
  },
  {
    label: 'high-rest',
    fps: 30.263726761796235,
    cpuP95: 1.199999999254942,
    draws: [ 46, 90 ]
  },
  {
    label: 'moving',
    fps: 30.22051009565041,
    cpuP95: 1.300000000745058,
    draws: [ 52, 96 ]
  }
] []
desktop [
  {
    label: 'low-rest',
    fps: 25.932575304202633,
    cpuP95: 1.800000000745058,
    draws: [ 113, 113 ]
  },
  {
    label: 'standard-rest',
    fps: 22.29543110045149,
    cpuP95: 1.5,
    draws: [ 113, 161 ]
  },
  {
    label: 'high-rest',
    fps: 20.646020646020645,
    cpuP95: 1.5,
    draws: [ 113, 161 ]
  },
  {
    label: 'moving',
    fps: 19.271664008496572,
    cpuP95: 1.3999999985098839,
    draws: [ 119, 167 ]
  }
] []
