
[1A[2K[WebServer] (node:22372) Warning: The 'NO_COLOR' env is ignored due to the 'FORCE_COLOR' env being set.
[WebServer] (Use `node --trace-warnings ...` to show where the warning was created)

Running 34 tests using 1 worker



[1A[2K(node:28388) Warning: The 'NO_COLOR' env is ignored due to the 'FORCE_COLOR' env being set.
(Use `node --trace-warnings ...` to show where the warning was created)


[1A[2K(node:28388) Warning: The 'NO_COLOR' env is ignored due to the 'FORCE_COLOR' env being set.
(Use `node --trace-warnings ...` to show where the warning was created)
[1A[2K[1/34] [desktop] › tests\browser\graphics.spec.ts:4:1 › Qualité élevée avec ombres limitées puis retour au rendu mobile, sans erreur de shader
[1A[2K[2/34] [desktop] › tests\browser\graphics.spec.ts:8:1 › Sauvegarde corrompue récupérable, original conservé avant une nouvelle écriture
[1A[2K[3/34] [desktop] › tests\browser\journey.spec.ts:12:1 › Nouvelle partie, trois vues dans la même scène, carte, cercle et occupation lisible
[1A[2K[4/34] [desktop] › tests\browser\journey.spec.ts:26:1 › Migration navigateur v4 : copie originale, droits acquis et préférences mobiles explicitement persistantes
[1A[2K[5/34] [desktop] › tests\browser\journey.spec.ts:33:1 › Deux vraies captures au coup ouvrent définitivement le poste, première prise puis initiation aux leurres
[1A[2K[6/34] [desktop] › tests\browser\journey.spec.ts:41:1 › Mesures des postes : ressources partagées et relevé du rendu réel disponible
[1A[2K[7/34] [desktop] › tests\browser\journey.spec.ts:47:1 › Accrochage réel au coup : commande de canne disponible pendant attente et libération tactile
[1A[2K  1) [desktop] › tests\browser\journey.spec.ts:47:1 › Accrochage réel au coup : commande de canne disponible pendant attente et libération tactile 

    Error: [2mexpect([22m[31mreceived[39m[2m).[22mtoBe[2m([22m[32mexpected[39m[2m) // Object.is equality[22m

    Expected: [32mtrue[39m
    Received: [31mfalse[39m

      47 | test('Accrochage réel au coup : commande de canne disponible pendant attente et libération tactile',async({page})=>{
      48 |  await boot(page);await page.locator('#map-open').click();await page.locator('#map [data-post="cove"]').click();await page.locator('#post-select').click();
    > 49 |  const {width:w,height:h}=page.viewportSize()!;await page.mouse.move(w*.45,h*.8);await page.mouse.down();await page.mouse.move(w*.56,h*.45,{steps:8});await page.mouse.up();await expect(page.locator('body')).toHaveAttribute('data-phase','casting');await page.evaluate(()=>(window as any).__fishingQA.advance(2.3));expect((await snapshot(page)).snagged).toBe(true);await expect(page.locator('#rod-control')).toBeVisible();
         |                                                                                                                                                                                                                                                                                                                                                                 ^
      50 |  const b=(await page.locator('#rod-control').boundingBox())!;await page.mouse.move(b.x+b.width/2,b.y+b.height/2);await page.mouse.down();await page.mouse.move(b.x+b.width/2-90,b.y+b.height/2+70);await page.mouse.up();await page.evaluate(()=>(window as any).__fishingQA.advance(.12));const pose=await snapshot(page);expect(pose.lift,JSON.stringify(pose)).toBeLessThanOrEqual(.35);expect(Math.abs(pose.yaw-pose.direction),JSON.stringify(pose)).toBeGreaterThanOrEqual(.45);await page.locator('#snag-release').click();expect((await snapshot(page)).snagged).toBe(false);expect((await snapshot(page)).phase).toBe('waiting');await page.locator('#cancel-cast').click();expect((await snapshot(page)).phase).toBe('idle');
      51 | });
      52 |
        at C:\Users\alexy\Desktop\JEUPECHE\au-fil-de-leau\tests\browser\journey.spec.ts:49:353

    Error Context: test-results\journey-Accrochage-réel-au-f4178-tente-et-libération-tactile-desktop\error-context.md

    attachment #2: trace (application/zip) ─────────────────────────────────────────────────────────
    test-results\journey-Accrochage-réel-au-f4178-tente-et-libération-tactile-desktop\trace.zip
    Usage:

        npx playwright show-trace test-results\journey-Accrochage-réel-au-f4178-tente-et-libération-tactile-desktop\trace.zip

    ────────────────────────────────────────────────────────────────────────────────────────────────




[1A[2K(node:15592) Warning: The 'NO_COLOR' env is ignored due to the 'FORCE_COLOR' env being set.
(Use `node --trace-warnings ...` to show where the warning was created)


[1A[2K(node:15592) Warning: The 'NO_COLOR' env is ignored due to the 'FORCE_COLOR' env being set.
(Use `node --trace-warnings ...` to show where the warning was created)
[1A[2K[8/34] [desktop] › tests\browser\map-water.spec.ts:8:1 › Carte eau : six vrais postes, combat réception photo et sauvegarde isolée
[1A[2K[9/34] [desktop] › tests\browser\map-water.spec.ts:13:1 › Carte eau : pools bornés, pause, dix transitions, qualité et repli de décor
[1A[2K[10/34] [desktop] › tests\browser\mobile-gameplay.spec.ts:7:1 › 22 méthodes : kit, commandes, réception par position et relevage, photo et sauvegarde uniques
[1A[2K  2) [desktop] › tests\browser\mobile-gameplay.spec.ts:7:1 › 22 méthodes : kit, commandes, réception par position et relevage, photo et sauvegarde uniques 

    [31mTest timeout of 90000ms exceeded.[39m

    TypeError: Cannot read properties of null (reading 'x')

      3 | async function tools(page:Page){await page.locator('#menu-open').click();await page.locator('#help-open').click();await page.locator('#test-open').click();}
      4 | async function start(page:Page){await page.addInitScript(()=>{Math.random=()=>0;localStorage.setItem('au-fil-de-leau.gestures.v3','3');});await page.goto('/');await expect(page.locator('body')).toHaveAttribute('data-ready','true');await tools(page);await page.locator('#test-toggle').click();await expect(page.locator('#test-badge')).toBeVisible();await page.evaluate(()=>(window as any).__fishingQA.pauseSimulation());}
    > 5 | async function move(page:Page,id:string,dx:number,dy:number){const b=(await page.locator(id).boundingBox())!;const x=b.x+b.width/2,y=b.y+b.height/2;const session=await page.context().newCDPSession(page);await session.send('Input.dispatchTouchEvent',{type:'touchStart',touchPoints:[{id:19,x,y}]});await session.send('Input.dispatchTouchEvent',{type:'touchMove',touchPoints:[{id:19,x:x+dx,y:y+dy}]});await session.send('Input.dispatchTouchEvent',{type:'touchEnd',touchPoints:[]});await session.detach();}
        |                                                                                                                        ^
      6 | async function receive(page:Page){await page.locator('#tech-land').click();await page.evaluate(()=>(window as any).__fishingQA.advance(.02));expect((await qa(page)).phase).toBe('landing');for(let n=0;n<60&&(await qa(page)).phase==='landing';n++){const s=await qa(page);if(s.netReady)await move(page,'#reel-control',0,-32);else{await move(page,'#reel-control',(s.fishPosition.x-s.net.x)/.02,-(s.fishPosition.z-s.net.z)/.025);await page.evaluate(()=>(window as any).__fishingQA.advance(.05,'smart'));}await page.evaluate(()=>(window as any).__fishingQA.advance(.02));}await expect(page.locator('#caught')).toBeVisible();await expect(page.locator('#fish-preview')).toHaveAttribute('data-loaded','true');}
      7 | test('22 méthodes : kit, commandes, réception par position et relevage, photo et sauvegarde uniques',async({page},info)=>{await start(page);const rows=[];for(const t of TECHNIQUES){await tools(page);await page.locator('#test-technique').selectOption(t.id);await page.locator('#test-kit').click();await page.locator('#test-fight').click();await page.evaluate(()=>(window as any).__fishingQA.advance(.02));const before=await qa(page);expect(before.technique).toBe(t.id);await move(page,'#rod-control',8,-5);await page.evaluate(()=>(window as any).__fishingQA.advance(240,'smart'));expect((await qa(page)).phase,t.id).toBe('fighting');expect((await qa(page)).canReceive,t.id).toBe(true);expect((await qa(page)).total).toBe(rows.length);await receive(page);await expect(page.locator('#photo-state')).toContainText('Photo conservée');const s=await page.evaluate(()=>JSON.parse(localStorage.getItem('au-fil-de-leau.test.save.v1')!));expect(s.total).toBe(rows.length+1);expect(s.journal.at(-1).technique).toBe(t.id);rows.push({id:t.id,seed:before.seed,specimen:s.journal.at(-1).id,photo:true});if(['grande_canne','leurre'].includes(t.id))await page.screenshot({path:'docs/apercus/mobile-materiel/'+info.project.name+'-'+t.id+'-caught.png'});await page.locator('#release-fish').click();}await info.attach('méthodes',{body:JSON.stringify(rows,null,2),contentType:'application/json'});});
      8 | test('Matériel : aperçu, kit explicite, fiche, sac, favori et absence d’achat automatique',async({page})=>{await start(page);await page.locator('#prepare-open').click();await page.locator('[data-work-rig]').first().click();await expect(page.locator('#rig-preview svg')).toBeVisible();await page.locator('#rig-free').click();await expect(page.locator('#rig-sheet-validation')).toHaveText('Montage prêt.');await page.locator('[data-slot=bait]').click();await page.locator('#component-sheet [data-component-info]').first().click();await expect(page.locator('#component-sheet-body')).toContainText('Compromis');await page.locator('[data-close=component-sheet]').click();await page.locator('[data-close=rig-sheet]').click();await page.locator('[data-work-tab=sets]').click();await page.locator('#preset-name').fill('Mon kit mobile');await page.locator('#preset-save').click();await page.locator('[data-favorite-preset]').click();await expect(page.locator('[data-favorite-preset]')).toHaveAttribute('aria-pressed','true');const s=await page.evaluate(()=>JSON.parse(localStorage.getItem('au-fil-de-leau.test.save.v1')!));expect(s.development.theoreticalCost).toBe(0);await page.locator('[data-work-tab=bag]').click();await page.locator('#bag-search').fill('amorce');await expect(page.locator('#bag-items')).toContainText('Amorce');});
        at move (C:\Users\alexy\Desktop\JEUPECHE\au-fil-de-leau\tests\browser\mobile-gameplay.spec.ts:5:120)
        at C:\Users\alexy\Desktop\JEUPECHE\au-fil-de-leau\tests\browser\mobile-gameplay.spec.ts:7:469

    Error Context: test-results\mobile-gameplay-22-méthode-04d0c-photo-et-sauvegarde-uniques-desktop\error-context.md

    attachment #2: trace (application/zip) ─────────────────────────────────────────────────────────
    test-results\mobile-gameplay-22-méthode-04d0c-photo-et-sauvegarde-uniques-desktop\trace.zip
    Usage:

        npx playwright show-trace test-results\mobile-gameplay-22-méthode-04d0c-photo-et-sauvegarde-uniques-desktop\trace.zip

    ────────────────────────────────────────────────────────────────────────────────────────────────




[1A[2K(node:6632) Warning: The 'NO_COLOR' env is ignored due to the 'FORCE_COLOR' env being set.
(Use `node --trace-warnings ...` to show where the warning was created)


[1A[2K(node:6632) Warning: The 'NO_COLOR' env is ignored due to the 'FORCE_COLOR' env being set.
(Use `node --trace-warnings ...` to show where the warning was created)
[1A[2K[11/34] [desktop] › tests\browser\mobile-gameplay.spec.ts:8:1 › Matériel : aperçu, kit explicite, fiche, sac, favori et absence d’achat automatique
[1A[2K[12/34] [desktop] › tests\browser\mobile-gameplay.spec.ts:9:1 › Sonder un point, amorcer une zone et conserver des champs éditables
[1A[2K[13/34] [desktop] › tests\browser\mobile-gameplay.spec.ts:11:1 › Deux doigts, annulation, inversion et mode un doigt : poses conservées, aucune commande fantôme
[1A[2K[14/34] [desktop] › tests\browser\mobile-gameplay.spec.ts:13:1 › Ferrage par relèvement bref, préparation de réception explicite et bouton accessible conservé
[1A[2K[15/34] [desktop] › tests\browser\multitouch.spec.ts:4:1 › Deux vrais doigts : appui maintenu, canne simultanée, maintien immobile et annulation
[1A[2K[16/34] [desktop] › tests\browser\physics.spec.ts:9:1 › Départ puissant : traction, frein et moulinage sous charge sans pénalité de bouton
[1A[2K[17/34] [desktop] › tests\browser\physics.spec.ts:34:1 › Retour vers le joueur : le moulinet reprend le mou et rétablit le contact


[1A[2K(node:10224) Warning: The 'NO_COLOR' env is ignored due to the 'FORCE_COLOR' env being set.
(Use `node --trace-warnings ...` to show where the warning was created)


[1A[2K(node:10224) Warning: The 'NO_COLOR' env is ignored due to the 'FORCE_COLOR' env being set.
(Use `node --trace-warnings ...` to show where the warning was created)
[1A[2K[18/34] [mobile] › tests\browser\graphics.spec.ts:4:1 › Qualité élevée avec ombres limitées puis retour au rendu mobile, sans erreur de shader
[1A[2K[19/34] [mobile] › tests\browser\graphics.spec.ts:8:1 › Sauvegarde corrompue récupérable, original conservé avant une nouvelle écriture
[1A[2K[20/34] [mobile] › tests\browser\journey.spec.ts:12:1 › Nouvelle partie, trois vues dans la même scène, carte, cercle et occupation lisible
[1A[2K[21/34] [mobile] › tests\browser\journey.spec.ts:26:1 › Migration navigateur v4 : copie originale, droits acquis et préférences mobiles explicitement persistantes
[1A[2K[22/34] [mobile] › tests\browser\journey.spec.ts:33:1 › Deux vraies captures au coup ouvrent définitivement le poste, première prise puis initiation aux leurres
[1A[2K[23/34] [mobile] › tests\browser\journey.spec.ts:41:1 › Mesures des postes : ressources partagées et relevé du rendu réel disponible
[1A[2K[24/34] [mobile] › tests\browser\journey.spec.ts:47:1 › Accrochage réel au coup : commande de canne disponible pendant attente et libération tactile
[1A[2K[25/34] [mobile] › tests\browser\map-water.spec.ts:8:1 › Carte eau : six vrais postes, combat réception photo et sauvegarde isolée
[1A[2K[26/34] [mobile] › tests\browser\map-water.spec.ts:13:1 › Carte eau : pools bornés, pause, dix transitions, qualité et repli de décor
[1A[2K[27/34] [mobile] › tests\browser\mobile-gameplay.spec.ts:7:1 › 22 méthodes : kit, commandes, réception par position et relevage, photo et sauvegarde uniques
[1A[2K[28/34] [mobile] › tests\browser\mobile-gameplay.spec.ts:8:1 › Matériel : aperçu, kit explicite, fiche, sac, favori et absence d’achat automatique
[1A[2K[29/34] [mobile] › tests\browser\mobile-gameplay.spec.ts:9:1 › Sonder un point, amorcer une zone et conserver des champs éditables
[1A[2K[30/34] [mobile] › tests\browser\mobile-gameplay.spec.ts:11:1 › Deux doigts, annulation, inversion et mode un doigt : poses conservées, aucune commande fantôme
[1A[2K[31/34] [mobile] › tests\browser\mobile-gameplay.spec.ts:13:1 › Ferrage par relèvement bref, préparation de réception explicite et bouton accessible conservé
[1A[2K[32/34] [mobile] › tests\browser\multitouch.spec.ts:4:1 › Deux vrais doigts : appui maintenu, canne simultanée, maintien immobile et annulation
[1A[2K  3) [mobile] › tests\browser\multitouch.spec.ts:4:1 › Deux vrais doigts : appui maintenu, canne simultanée, maintien immobile et annulation 

    Error: [2mexpect([22m[31mreceived[39m[2m).[22mtoBeGreaterThan[2m([22m[32mexpected[39m[2m)[22m

    Expected: > [32m0.5[39m
    Received:   [31m0[39m

      12 |  expect(await page.evaluate(()=>(window as any).__fishingQA.snapshot().reeling)).toBe(true);
      13 |  for(let i=1;i<=5;i++){rod={...rod,x:rx+i*4.5,y:ry-i*3};await session.send('Input.dispatchTouchEvent',{type:'touchMove',touchPoints:[rod,reel]});}
    > 14 |  const moved=await page.evaluate(()=>(window as any).__fishingQA.snapshot());expect(moved.reeling).toBe(true);expect(moved.yaw).toBeGreaterThan(.5);expect(moved.lift).toBeGreaterThan(.6);
         |                                                                                                                                 ^
      15 |  await page.waitForTimeout(1100);expect(await page.evaluate(()=>getSelection()?.toString())).toBe('');await page.evaluate(()=>(window as any).__fishingQA.advance(.5));expect(await page.evaluate(()=>(window as any).__fishingQA.snapshot().reeling)).toBe(true);
      16 |  reel={...reel,x:cx-14,y:cy+24};await session.send('Input.dispatchTouchEvent',{type:'touchMove',touchPoints:[rod,reel]});
      17 |  await session.send('Input.dispatchTouchEvent',{type:'touchEnd',touchPoints:[rod]});expect(await page.evaluate(()=>(window as any).__fishingQA.snapshot().reeling)).toBe(true);
        at C:\Users\alexy\Desktop\JEUPECHE\au-fil-de-leau\tests\browser\multitouch.spec.ts:14:129

    Error Context: test-results\multitouch-Deux-vrais-doig-32982-tien-immobile-et-annulation-mobile\error-context.md

    attachment #2: trace (application/zip) ─────────────────────────────────────────────────────────
    test-results\multitouch-Deux-vrais-doig-32982-tien-immobile-et-annulation-mobile\trace.zip
    Usage:

        npx playwright show-trace test-results\multitouch-Deux-vrais-doig-32982-tien-immobile-et-annulation-mobile\trace.zip

    ────────────────────────────────────────────────────────────────────────────────────────────────




[1A[2K(node:2264) Warning: The 'NO_COLOR' env is ignored due to the 'FORCE_COLOR' env being set.
(Use `node --trace-warnings ...` to show where the warning was created)


[1A[2K(node:2264) Warning: The 'NO_COLOR' env is ignored due to the 'FORCE_COLOR' env being set.
(Use `node --trace-warnings ...` to show where the warning was created)
[1A[2K[33/34] [mobile] › tests\browser\physics.spec.ts:9:1 › Départ puissant : traction, frein et moulinage sous charge sans pénalité de bouton
[1A[2K[34/34] [mobile] › tests\browser\physics.spec.ts:34:1 › Retour vers le joueur : le moulinet reprend le mou et rétablit le contact
[1A[2K  3 failed
    [desktop] › tests\browser\journey.spec.ts:47:1 › Accrochage réel au coup : commande de canne disponible pendant attente et libération tactile 
    [desktop] › tests\browser\mobile-gameplay.spec.ts:7:1 › 22 méthodes : kit, commandes, réception par position et relevage, photo et sauvegarde uniques 
    [mobile] › tests\browser\multitouch.spec.ts:4:1 › Deux vrais doigts : appui maintenu, canne simultanée, maintien immobile et annulation 
  1 skipped
  30 passed (5.7m)
