
> au-fil-de-leau@0.12.0 build
> tsc --noEmit && vite build

vite v8.3.1 building client environment for production...
transforming...
✓ 1200 modules transformed.
rendering chunks...
computing gzip size...
dist/index.html                                                            4.66 kB │ gzip:   1.25 kB
dist/assets/index-BRP6ipxl.css                                            42.25 kB │ gzip:   8.75 kB
dist/assets/typeStore-Cu_sj2zM.js                                          0.08 kB │ gzip:   0.08 kB
dist/assets/guid-BXdVC_j_.js                                               0.15 kB │ gzip:   0.14 kB
dist/assets/flowGraphExecutionBlockWithOutSignal-ZgpOYOYE.js               0.15 kB │ gzip:   0.15 kB
dist/assets/kernelBlurVaryingDeclaration-DP2Wr9Oc.js                       0.21 kB │ gzip:   0.17 kB
dist/assets/kernelBlurVaryingDeclaration-g2Ge9lzd.js                       0.22 kB │ gzip:   0.18 kB
dist/assets/mainUVVaryingDeclaration-BBamQlxR.js                           0.22 kB │ gzip:   0.19 kB
dist/assets/mainUVVaryingDeclaration-B_7d0nc3.js                           0.23 kB │ gzip:   0.19 kB
dist/assets/domManagement-BqltO0ki.js                                      0.25 kB │ gzip:   0.17 kB
dist/assets/logDepthDeclaration-3gXGtHbI.js                                0.27 kB │ gzip:   0.22 kB
dist/assets/meshUboDeclaration-BATNZvmb.js                                 0.27 kB │ gzip:   0.23 kB
dist/assets/logDepthDeclaration-DYYUVTrx.js                                0.28 kB │ gzip:   0.22 kB
dist/assets/flowGraphUnaryOperationBlock-4yhM8_vv.js                       0.30 kB │ gzip:   0.21 kB
dist/assets/logDepthVertex-D5IUM6qd.js                                     0.30 kB │ gzip:   0.24 kB
dist/assets/pass.fragment-Cvd2TCWC.js                                      0.31 kB │ gzip:   0.25 kB
dist/assets/sceneVertexDeclaration-CluTp-RC.js                             0.33 kB │ gzip:   0.22 kB
dist/assets/bumpVertexDeclaration-Cb04kLz9.js                              0.34 kB │ gzip:   0.25 kB
dist/assets/meshUboDeclaration-BmNu2KU_.js                                 0.34 kB │ gzip:   0.25 kB
dist/assets/flowGraphKeyUpEventBlock.pure-CJhmJoSQ.js                      0.35 kB │ gzip:   0.23 kB
dist/assets/keyboardEvents-CGYiptFb.js                                     0.35 kB │ gzip:   0.20 kB
dist/assets/sceneUboDeclaration-B5VhSG0v.js                                0.36 kB │ gzip:   0.26 kB
dist/assets/shadowMapFragmentSoftTransparentShadow-R_iOKnyx.js             0.37 kB │ gzip:   0.26 kB
dist/assets/flowGraphBinaryOperationBlock-CIa0U-OT.js                      0.37 kB │ gzip:   0.24 kB
dist/assets/logDepthVertex-DSD5XdGw.js                                     0.37 kB │ gzip:   0.26 kB
dist/assets/fogVertex-NHlgMcT2.js                                          0.38 kB │ gzip:   0.24 kB
dist/assets/bumpVertexDeclaration-I4Guxw_q.js                              0.39 kB │ gzip:   0.26 kB
dist/assets/shadowMapFragmentSoftTransparentShadow-B6k0i9Au.js             0.40 kB │ gzip:   0.28 kB
dist/assets/flowGraphTernaryOperationBlock-Dr82BnEX.js                     0.41 kB │ gzip:   0.24 kB
dist/assets/vertexColorMixing-DPW6Is9y.js                                  0.43 kB │ gzip:   0.27 kB
dist/assets/sceneUboDeclaration-B96Tfx7b.js                                0.43 kB │ gzip:   0.27 kB
dist/assets/postprocess.vertex-DJCmMhI8.js                                 0.46 kB │ gzip:   0.30 kB
dist/assets/objectIdFunctions-0O_zsAzb.js                                  0.46 kB │ gzip:   0.31 kB
dist/assets/shaderStore-D-XQlhUT.js                                        0.46 kB │ gzip:   0.17 kB
dist/assets/procedural.vertex-C47TVAon.js                                  0.47 kB │ gzip:   0.29 kB
dist/assets/objectIdFunctions-BCg-H1o3.js                                  0.48 kB │ gzip:   0.32 kB
dist/assets/performanceConfigurator-UtxC_Odd.js                            0.50 kB │ gzip:   0.25 kB
dist/assets/fogVertex-DNAMrhb0.js                                          0.50 kB │ gzip:   0.29 kB
dist/assets/flowGraphGLTFDataProvider-CC-JoFzk.js                          0.50 kB │ gzip:   0.31 kB
dist/assets/rgbdEncode.fragment-CVg4Fcse.js                                0.51 kB │ gzip:   0.33 kB
dist/assets/rgbdDecode.fragment-Cdz2Tveq.js                                0.52 kB │ gzip:   0.34 kB
dist/assets/bumpVertex-CWhdIpqj.js                                         0.52 kB │ gzip:   0.32 kB
dist/assets/flowGraphGetSoundVolumeBlock.pure-DCqtsGUY.js                  0.52 kB │ gzip:   0.32 kB
dist/assets/packingFunctions-DpGwbupU.js                                   0.52 kB │ gzip:   0.29 kB
dist/assets/flowGraphCodeExecutionBlock-DHl_oXmB.js                        0.53 kB │ gzip:   0.29 kB
dist/assets/depthBoxBlur.fragment-CLEAG5DG.js                              0.53 kB │ gzip:   0.35 kB
dist/assets/flowGraphIsSoundPlayingBlock.pure-DhEo9lLf.js                  0.55 kB │ gzip:   0.33 kB
dist/assets/flowGraphInteger.pure-CZmJgkLp.js                              0.55 kB │ gzip:   0.29 kB
dist/assets/flowGraphPauseAnimationBlock.pure-v6dFaNqL.js                  0.56 kB │ gzip:   0.32 kB
dist/assets/vertexColorMixing-UCrnwszu.js                                  0.56 kB │ gzip:   0.30 kB
dist/assets/packingFunctions-CINwVZs6.js                                   0.56 kB │ gzip:   0.31 kB
dist/assets/postprocess.vertex-CmVXXq2T.js                                 0.58 kB │ gzip:   0.35 kB
dist/assets/flowGraphObjectReferenceBlock-DnKsGda0.js                      0.58 kB │ gzip:   0.35 kB
dist/assets/flowGraphConstantBlock.pure-BTmEDTgx.js                        0.59 kB │ gzip:   0.34 kB
dist/assets/flowGraphStopSoundBlock.pure-CI7ws5fO.js                       0.59 kB │ gzip:   0.36 kB
dist/assets/procedural.vertex-D3o6xkF2.js                                  0.61 kB │ gzip:   0.34 kB
dist/assets/flowGraphKeyDownEventBlock.pure-xtBCrie8.js                    0.61 kB │ gzip:   0.36 kB
dist/assets/flowGraphBranchBlock.pure-BOm1waSR.js                          0.62 kB │ gzip:   0.34 kB
dist/assets/flowGraphGetVariableBlock.pure-BN3cML7q.js                     0.62 kB │ gzip:   0.35 kB
dist/assets/flowGraphContextBlock.pure-B62L3bGZ.js                         0.63 kB │ gzip:   0.34 kB
dist/assets/rgbdEncode.fragment-CxPSfrvR.js                                0.65 kB │ gzip:   0.37 kB
dist/assets/flowGraphPauseSoundBlock.pure-BTTTobkE.js                      0.65 kB │ gzip:   0.39 kB
dist/assets/rgbdDecode.fragment-DXl2fYur.js                                0.66 kB │ gzip:   0.38 kB
dist/assets/flowGraphAsyncExecutionBlock-B8j60x2H.js                       0.66 kB │ gzip:   0.34 kB
dist/assets/bumpVertex-DRq4BZvD.js                                         0.69 kB │ gzip:   0.38 kB
dist/assets/flowGraphSetSoundVolumeBlock.pure-BEdzhMBd.js                  0.70 kB │ gzip:   0.38 kB
dist/assets/flowGraphConditionalDataBlock.pure-BF2q4S2U.js                 0.71 kB │ gzip:   0.35 kB
dist/assets/flowGraphStopEventPropagationBlock.pure-BZxMo27e.js            0.71 kB │ gzip:   0.38 kB
dist/assets/depthBoxBlur.fragment-D2KJPEQv.js                              0.71 kB │ gzip:   0.41 kB
dist/assets/flowGraphSceneReadyEventBlock.pure-Cwit9RAP.js                 0.73 kB │ gzip:   0.40 kB
dist/assets/flowGraphAssetsContext-WtUyuDAI.js                             0.73 kB │ gzip:   0.27 kB
dist/assets/flowGraphSetLinearVelocityBlock.pure-DXbNx0P3.js               0.73 kB │ gzip:   0.39 kB
dist/assets/flowGraphCounterBlock.pure-lqUu7nvP.js                         0.73 kB │ gzip:   0.39 kB
dist/assets/flowGraphSetAngularVelocityBlock.pure-BgDIHk4j.js              0.74 kB │ gzip:   0.39 kB
dist/assets/flowGraphIndexOfBlock.pure-_8OEYlG6.js                         0.74 kB │ gzip:   0.39 kB
dist/assets/flowGraphGetLinearVelocityBlock.pure-CfEegNeI.js               0.74 kB │ gzip:   0.41 kB
dist/assets/flowGraphGetAngularVelocityBlock.pure-DvdG0OC0.js              0.74 kB │ gzip:   0.41 kB
dist/assets/flowGraphSetPhysicsMotionTypeBlock.pure-MmYQMcQk.js            0.75 kB │ gzip:   0.40 kB
dist/assets/pointerEvents-DFkbNwCB.js                                      0.75 kB │ gzip:   0.40 kB
dist/assets/flowGraphFlipFlopBlock.pure-4KYruavQ.js                        0.77 kB │ gzip:   0.40 kB
dist/assets/flowGraphApplyForceBlock.pure-Bkb5XB_x.js                      0.78 kB │ gzip:   0.41 kB
dist/assets/flowGraphFunctionReferenceBlock.pure-C_hc8a7i.js               0.79 kB │ gzip:   0.40 kB
dist/assets/flowGraphApplyImpulseBlock.pure-CHyf7r6L.js                    0.79 kB │ gzip:   0.41 kB
dist/assets/flowGraphCancelDelayBlock.pure-C193Jxev.js                     0.81 kB │ gzip:   0.48 kB
dist/assets/flowGraphSequenceBlock.pure-BeLU4KXO.js                        0.82 kB │ gzip:   0.39 kB
dist/assets/flowGraphGetAssetBlock.pure-Zj1o-lAk.js                        0.85 kB │ gzip:   0.44 kB
dist/assets/flowGraphDebounceBlock.pure-BMlcylNI.js                        0.87 kB │ gzip:   0.42 kB
dist/assets/flowGraphGetPhysicsMassPropertiesBlock.pure-ohNP2A1N.js        0.88 kB │ gzip:   0.41 kB
dist/assets/flowGraphPlaySoundBlock.pure-kXsOqWhj.js                       0.88 kB │ gzip:   0.45 kB
dist/assets/kernelBlur.vertex-C2dESVl-.js                                  0.88 kB │ gzip:   0.46 kB
dist/assets/math.size-BHZaDYSv.js                                          0.91 kB │ gzip:   0.37 kB
dist/assets/flowGraphDoNBlock.pure-DKw14Pyb.js                             0.92 kB │ gzip:   0.45 kB
dist/assets/color.fragment-CxH-oW8C.js                                     0.92 kB │ gzip:   0.43 kB
dist/assets/flowGraphSceneTickEventBlock.pure-BEkhlzaH.js                  0.92 kB │ gzip:   0.44 kB
dist/assets/mesh.vertexData.functions-CD4JOR2q.js                          0.93 kB │ gzip:   0.48 kB
dist/assets/instancesDeclaration-CJBvtBV5.js                               0.93 kB │ gzip:   0.34 kB
dist/assets/flowGraphGetPropertyBlock.pure-Dy5I8bUn.js                     0.96 kB │ gzip:   0.46 kB
dist/assets/flowGraphCachedOperationBlock-XAGo3Vpv.js                      0.96 kB │ gzip:   0.44 kB
dist/assets/flowGraphPointerOutEventBlock.pure-CPJuy0-0.js                 0.97 kB │ gzip:   0.48 kB
dist/assets/flowGraphPointerOverEventBlock.pure-CitoWvT2.js                0.98 kB │ gzip:   0.49 kB
dist/assets/flowGraphPointerUpEventBlock.pure-D3w0vh3j.js                  1.00 kB │ gzip:   0.48 kB
dist/assets/flowGraphDataSwitchBlock.pure-mLmLAzVg.js                      1.00 kB │ gzip:   0.50 kB
dist/assets/flowGraphWhileLoopBlock.pure-DW-yiqbS.js                       1.01 kB │ gzip:   0.50 kB
dist/assets/flowGraphKeyboardEventBlock-CmWPnnt_.js                        1.01 kB │ gzip:   0.42 kB
dist/assets/flowGraphPointerDownEventBlock.pure-BO5wIVDe.js                1.01 kB │ gzip:   0.48 kB
dist/assets/flowGraphArrayIndexBlock.pure-BJHcGoc2.js                      1.02 kB │ gzip:   0.50 kB
dist/assets/flowGraphPointerMoveEventBlock.pure-B25Wx32j.js                1.03 kB │ gzip:   0.49 kB
dist/assets/color.fragment-CbJP31yK.js                                     1.03 kB │ gzip:   0.47 kB
dist/assets/instancesDeclaration-DsiFqYXH.js                               1.04 kB │ gzip:   0.36 kB
dist/assets/flowGraphSoundEndedEventBlock.pure-BqWEYR29.js                 1.04 kB │ gzip:   0.48 kB
dist/assets/kernelBlur.vertex-Cr8ljakh.js                                  1.05 kB │ gzip:   0.50 kB
dist/assets/fogFragment-CISE_m3s.js                                        1.08 kB │ gzip:   0.49 kB
dist/assets/flowGraphTransformCoordinatesSystemBlock.pure-BH4roCQ-.js      1.09 kB │ gzip:   0.48 kB
dist/assets/harmonicsFunctions-QSz_WdsQ.js                                 1.12 kB │ gzip:   0.49 kB
dist/assets/clipPlaneVertex-C59BO8JS.js                                    1.17 kB │ gzip:   0.34 kB
dist/assets/clipPlaneFragment-DVK0wgyZ.js                                  1.17 kB │ gzip:   0.35 kB
dist/assets/smartArray-BRfcgNbX.js                                         1.18 kB │ gzip:   0.44 kB
dist/assets/fogFragment-EikOP4pH.js                                        1.21 kB │ gzip:   0.54 kB
dist/assets/flowGraphSwitchBlock.pure-DO2s0h37.js                          1.24 kB │ gzip:   0.56 kB
dist/assets/defaultUboDeclaration-C53xcSdv.js                              1.26 kB │ gzip:   0.55 kB
dist/assets/clipPlaneFragment-Ct2VqHzk.js                                  1.27 kB │ gzip:   0.37 kB
dist/assets/ddsTextureLoader-DyUCj6Su.js                                   1.27 kB │ gzip:   0.62 kB
dist/assets/halfFloat-Ce77JD5z.js                                          1.29 kB │ gzip:   0.60 kB
dist/assets/flowGraphSendCustomEventBlock.pure-CbWDu5lL.js                 1.29 kB │ gzip:   0.60 kB
dist/assets/flowGraphSetVariableBlock.pure-P7BqpxLI.js                     1.31 kB │ gzip:   0.63 kB
dist/assets/flowGraphIsKeyPressedBlock.pure-BXbFWVPY.js                    1.31 kB │ gzip:   0.52 kB
dist/assets/flowGraphUnsupportedInteractivityBlock-DaQ6APp7.js             1.32 kB │ gzip:   0.55 kB
dist/assets/flowGraphTypeToTypeBlocks.pure-QJZ6RnKS.js                     1.32 kB │ gzip:   0.48 kB
dist/assets/clipPlaneVertex-DKhVm1NW.js                                    1.35 kB │ gzip:   0.37 kB
dist/assets/meshBlendTagFragmentOutput-DuUOl0Y1.js                         1.38 kB │ gzip:   0.63 kB
dist/assets/harmonicsFunctions-CMr56qfT.js                                 1.42 kB │ gzip:   0.52 kB
dist/assets/flowGraphThrottleBlock.pure-CE1wW-l1.js                        1.46 kB │ gzip:   0.56 kB
dist/assets/flowGraphBezierCurveEasingBlock.pure-Bq-bMPwo.js               1.46 kB │ gzip:   0.72 kB
dist/assets/flowGraphSetPropertyBlock.pure-C7sXx5XE.js                     1.49 kB │ gzip:   0.70 kB
dist/assets/flowGraphDebugBlock.pure-CZIxdUF9.js                           1.52 kB │ gzip:   0.66 kB
dist/assets/flowGraphForLoopBlock.pure-BV6E4c8e.js                         1.52 kB │ gzip:   0.68 kB
dist/assets/color.vertex-Bn1VOzn-.js                                       1.53 kB │ gzip:   0.66 kB
dist/assets/color.vertex-CYNjCrqH.js                                       1.59 kB │ gzip:   0.67 kB
dist/assets/flowGraphMeshPickEventBlock.pure-CphtYO8N.js                   1.61 kB │ gzip:   0.68 kB
dist/assets/defaultUboDeclaration-bEX7kynB.js                              1.62 kB │ gzip:   0.53 kB
dist/assets/flowGraphWaitAllBlock.pure-DolInOQd.js                         1.68 kB │ gzip:   0.68 kB
dist/assets/envTextureLoader-BQIsQT6y.js                                   1.69 kB │ gzip:   0.66 kB
dist/assets/flowGraphEasingBlock.pure-ZjrsVQM5.js                          1.72 kB │ gzip:   0.77 kB
dist/assets/flowGraphPhysicsCollisionEventBlock.pure-HmpM7I4c.js           1.75 kB │ gzip:   0.68 kB
dist/assets/gaussianSplattingVoxel.fragment-B_Om6CDx.js                    1.75 kB │ gzip:   0.59 kB
dist/assets/flowGraphMultiGateBlock.pure-sGsXTL-L.js                       1.79 kB │ gzip:   0.76 kB
dist/assets/pbrUboDeclaration--xFZEw0i.js                                  1.80 kB │ gzip:   0.67 kB
dist/assets/math.plane-C0ws7YJZ.js                                         1.81 kB │ gzip:   0.77 kB
dist/assets/logger-CuBYPcDK.js                                             1.88 kB │ gzip:   0.82 kB
dist/assets/gaussianSplattingVoxel.vertex-IFn7k8MA.js                      1.88 kB │ gzip:   0.76 kB
dist/assets/drawWrapper-DcFZvZep.js                                        1.95 kB │ gzip:   1.03 kB
dist/assets/gaussianSplattingVoxel.fragment-C65sY-Bh.js                    1.97 kB │ gzip:   0.87 kB
dist/assets/flowGraphConsoleLogBlock.pure-CyYXU6Ij.js                      2.00 kB │ gzip:   0.93 kB
dist/assets/flowGraphInterpolationBlock.pure-C7xZVPmb.js                   2.18 kB │ gzip:   0.89 kB
dist/assets/math.scalar.functions-D-i-XBaP.js                              2.19 kB │ gzip:   1.02 kB
dist/assets/kernelBlur.fragment-DHQjf6lq.js                                2.29 kB │ gzip:   0.77 kB
dist/assets/hdrTextureLoader-BQVwkxK1.js                                   2.31 kB │ gzip:   1.13 kB
dist/assets/flowGraphEventReferenceBlock-eurxkp5P.js                       2.35 kB │ gzip:   0.78 kB
dist/assets/pbrUboDeclaration-oed3_f2e.js                                  2.39 kB │ gzip:   0.66 kB
dist/assets/iesTextureLoader-BcYbPJsH.js                                   2.47 kB │ gzip:   1.07 kB
dist/assets/pbrIBLFunctions-CSlJv7qb.js                                    2.52 kB │ gzip:   0.88 kB
dist/assets/flowGraphExecutionBlock-z6kKFLAZ.js                            2.52 kB │ gzip:   0.86 kB
dist/assets/gaussianSplattingVoxel.vertex-BraJXBHO.js                      2.60 kB │ gzip:   0.91 kB
dist/assets/flowGraphRichTypes.pure-BKlnX8v7.js                            2.62 kB │ gzip:   0.92 kB
dist/assets/pbrIBLFunctions-b8fwQKtH.js                                    2.71 kB │ gzip:   0.88 kB
dist/assets/flowGraphReceiveCustomEventBlock.pure-eqpDT3vp.js              2.72 kB │ gzip:   1.06 kB
dist/assets/kernelBlur.fragment-BcdTKoPW.js                                2.83 kB │ gzip:   0.84 kB
dist/assets/flowGraphStopAnimationBlock.pure-C9Db3sQa.js                   3.14 kB │ gzip:   1.08 kB
dist/assets/shadowMap.fragment-DX4Yo1bp.js                                 3.30 kB │ gzip:   1.16 kB
dist/assets/tgaTextureLoader-CqhhocF6.js                                   3.40 kB │ gzip:   1.35 kB
dist/assets/textureProcessor.fragment-D-awtrDP.js                          3.49 kB │ gzip:   1.00 kB
dist/assets/logDepthFragment-BPon2Z56.js                                   3.50 kB │ gzip:   0.96 kB
dist/assets/engineStore-Bn2tApal.js                                        3.51 kB │ gzip:   1.21 kB
dist/assets/cubemapToSphericalPolynomial-B7KAjMBc.js                       3.67 kB │ gzip:   1.61 kB
dist/assets/decorators-BWcttrMP.js                                         3.84 kB │ gzip:   1.57 kB
dist/assets/shadowMap.fragment-DUFTmQJ_.js                                 3.86 kB │ gzip:   1.25 kB
dist/assets/openpbrUboDeclaration-CbPGRvOI.js                              3.87 kB │ gzip:   1.03 kB
dist/assets/dumpTools.pure-Mzjcx5Lr.js                                     4.03 kB │ gzip:   1.90 kB
dist/assets/flowGraphJsonPointerParserBlock.pure-BfTV5tTp.js               4.25 kB │ gzip:   1.66 kB
dist/assets/textureProcessor.fragment-B-hqHgey.js                          4.37 kB │ gzip:   1.18 kB
dist/assets/morphTargetsVertex-6N5r7oF1.js                                 4.37 kB │ gzip:   0.98 kB
dist/assets/reflectionFunction-CivoLMz9.js                                 4.66 kB │ gzip:   1.12 kB
dist/assets/flowGraphSetDelayBlock.pure-iw87r-XJ.js                        4.71 kB │ gzip:   1.67 kB
dist/assets/decorators.serialization-By-MjS0E.js                           4.72 kB │ gzip:   1.78 kB
dist/assets/shadowMap.vertex-TZnupHeR.js                                   4.77 kB │ gzip:   1.60 kB
dist/assets/flowGraphMatrixMathBlocks.pure-DnaJTNk6.js                     4.79 kB │ gzip:   1.51 kB
dist/assets/shadowMap.vertex-_1VpiXdw.js                                   4.81 kB │ gzip:   1.54 kB
dist/assets/openpbrUboDeclaration-Dnhi8mvk.js                              5.22 kB │ gzip:   1.05 kB
dist/assets/reflectionFunction-Cd8WyD5Q.js                                 5.23 kB │ gzip:   1.18 kB
dist/assets/sphericalPolynomial.pure-Dbd-RrB2.js                           5.73 kB │ gzip:   1.35 kB
dist/assets/flowGraphPlayAnimationBlock.pure-DfwMp0-R.js                   5.87 kB │ gzip:   1.79 kB
dist/assets/gaussianSplatting.fragment-D8NuUIxn.js                         6.32 kB │ gzip:   1.65 kB
dist/assets/gaussianSplatting.fragment-D8dCrABW.js                         6.36 kB │ gzip:   1.71 kB
dist/assets/morphTargetsVertex-OlIh-Lzh.js                                 6.40 kB │ gzip:   1.15 kB
dist/assets/helperFunctions-BH8P-eyq.js                                    6.48 kB │ gzip:   2.18 kB
dist/assets/helperFunctions-gEnZbjN3.js                                    6.81 kB │ gzip:   2.31 kB
dist/assets/shadowsVertex--0nVb1Fg.js                                      6.84 kB │ gzip:   1.67 kB
dist/assets/bumpFragment-BtJd9tYZ.js                                       6.86 kB │ gzip:   2.41 kB
dist/assets/dds.pure-qIOcKh-d.js                                           6.93 kB │ gzip:   2.54 kB
dist/assets/gaussianSplatting.vertex-_hy5gjle.js                           7.17 kB │ gzip:   1.96 kB
dist/assets/buffer.pure-CAWHamCn.js                                        7.57 kB │ gzip:   2.50 kB
dist/assets/bakedVertexAnimation-C6l_KSSy.js                               7.71 kB │ gzip:   1.59 kB
dist/assets/internalTexture-ziUdfT1O.js                                    7.74 kB │ gzip:   1.99 kB
dist/assets/geometry.vertex-CRPaaWiZ.js                                    7.89 kB │ gzip:   1.95 kB
dist/assets/flowGraphVectorMathBlocks.pure-dD2d-DDY.js                     8.03 kB │ gzip:   2.54 kB
dist/assets/bumpFragment-CZy0KIWh.js                                       8.06 kB │ gzip:   2.52 kB
dist/assets/flowGraphMathCombineExtractBlocks.pure-ihyhpC6h.js             8.11 kB │ gzip:   1.24 kB
dist/assets/basisTextureLoader-Do2Gb2ry.js                                 8.15 kB │ gzip:   3.17 kB
dist/assets/default.vertex-BYS4Xaw0.js                                     8.29 kB │ gzip:   2.31 kB
dist/assets/effectRenderer.pure-aqD6q3t8.js                                8.36 kB │ gzip:   2.47 kB
dist/assets/bakedVertexAnimation-COa3IHTL.js                               8.50 kB │ gzip:   1.57 kB
dist/assets/gaussianSplatting.vertex-BhD0U2Ku.js                           8.51 kB │ gzip:   2.14 kB
dist/assets/geometry.vertex-DE-hmwUt.js                                    9.10 kB │ gzip:   2.02 kB
dist/assets/default.vertex-Dh04QukZ.js                                     9.62 kB │ gzip:   2.47 kB
dist/assets/flowGraphBlock-PiZ78eoL.js                                    10.99 kB │ gzip:   3.28 kB
dist/assets/geometry.fragment-BektTr1q.js                                 11.32 kB │ gzip:   3.13 kB
dist/assets/node-CixmmZG_.js                                              11.52 kB │ gzip:   3.14 kB
dist/assets/constants-_wyaM_ID.js                                         11.77 kB │ gzip:   3.19 kB
dist/assets/geometry.fragment-DeFLjSuk.js                                 11.82 kB │ gzip:   3.02 kB
dist/assets/pbrBRDFFunctions-BCNINF-p.js                                  11.93 kB │ gzip:   4.14 kB
dist/assets/pbrBRDFFunctions-DxfbxN23.js                                  12.76 kB │ gzip:   4.32 kB
dist/assets/exrTextureLoader-Usurdk8H.js                                  13.14 kB │ gzip:   4.83 kB
dist/assets/tools.functions-Bxv5dhZ_.js                                   13.49 kB │ gzip:   4.78 kB
dist/assets/gaussianSplatting-Dq1CpTgZ.js                                 14.39 kB │ gzip:   4.34 kB
dist/assets/pbr.vertex-BmJnKuD0.js                                        14.62 kB │ gzip:   3.11 kB
dist/assets/gaussianSplatting-CTZ6Bf5P.js                                 14.76 kB │ gzip:   4.57 kB
dist/assets/baseTexture.pure-CEqM3fnj.js                                  15.09 kB │ gzip:   3.84 kB
dist/assets/ktxTextureLoader-CCzsn7Zz.js                                  15.17 kB │ gzip:   4.40 kB
dist/assets/pbr.vertex-CMQHQtJZ.js                                        17.16 kB │ gzip:   3.62 kB
dist/assets/openpbrTransmissionLayerData-BRi1vGnu.js                      17.35 kB │ gzip:   4.01 kB
dist/assets/openpbr.vertex-DQnFz10m.js                                    17.50 kB │ gzip:   3.38 kB
dist/assets/sceneComponent-Cn-0uY45.js                                    17.97 kB │ gzip:   4.88 kB
dist/assets/lightConstants-DX3sWIWo.js                                    18.24 kB │ gzip:   4.02 kB
dist/assets/postProcess.pure-DOEiuV5Y.js                                  18.44 kB │ gzip:   5.07 kB
dist/assets/openpbrTransmissionLayerData-CbssVoWF.js                      18.46 kB │ gzip:   4.15 kB
dist/assets/texture.pure-CAOKm8dZ.js                                      19.56 kB │ gzip:   5.45 kB
dist/assets/lightFragment-x7Xpl9uU.js                                     20.56 kB │ gzip:   3.35 kB
dist/assets/openpbr.vertex-TEPiWOP7.js                                    20.64 kB │ gzip:   4.01 kB
dist/assets/flowGraphMathBlocks.pure-CvWf1z-j.js                          20.93 kB │ gzip:   4.72 kB
dist/assets/shadowsVertex-CpxL4lAs.js                                     21.61 kB │ gzip:   3.42 kB
dist/assets/lightFragment-DY7jBbrD.js                                     22.58 kB │ gzip:   3.36 kB
dist/assets/default.fragment-DJct8V4A.js                                  24.86 kB │ gzip:   5.95 kB
dist/assets/default.fragment-P7YeHHKA.js                                  25.83 kB │ gzip:   5.89 kB
dist/assets/renderTargetTexture.pure-CYNZ8wBf.js                          32.36 kB │ gzip:   8.00 kB
dist/assets/tools.pure-DG9Rzizn.js                                        34.31 kB │ gzip:  11.06 kB
dist/assets/pbrDebug-CRIrJQoc.js                                          38.06 kB │ gzip:   8.53 kB
dist/assets/animationGroup.pure-BYi8zf_1.js                               42.21 kB │ gzip:  10.34 kB
dist/assets/pbrDebug-bjTeoVNh.js                                          45.35 kB │ gzip:  10.08 kB
dist/assets/oitFragment-CwWxHs00.js                                       49.95 kB │ gzip:  10.30 kB
dist/assets/oitFragment-BANSnSuz.js                                       52.13 kB │ gzip:  10.56 kB
dist/assets/abstractEngine.pure-rwLfew4P.js                               59.84 kB │ gzip:  14.66 kB
dist/assets/thinEngine.pure-DtQqicIX.js                                   67.75 kB │ gzip:  17.03 kB
dist/assets/math.color.pure-Dw4sAYjX.js                                   76.95 kB │ gzip:  18.43 kB
dist/assets/material.pure-Cs0tJEJZ.js                                     78.81 kB │ gzip:  20.23 kB
dist/assets/brdfTextureTools-jeL-4w9S.js                                  79.86 kB │ gzip:  50.26 kB
dist/assets/openpbr.fragment-yqUowydw.js                                  88.83 kB │ gzip:  17.72 kB
dist/assets/openpbr.fragment-BuXtEGBF.js                                  90.58 kB │ gzip:  17.73 kB
dist/assets/pbr.fragment-ywwgcet7.js                                      93.72 kB │ gzip:  16.73 kB
dist/assets/pbr.fragment-D1aADf0p.js                                      97.53 kB │ gzip:  18.19 kB
dist/assets/openpbrMaterial.pure-Bl2UYsep.js                             125.30 kB │ gzip:  27.31 kB
dist/assets/scene.pure-QqgLHIuc.js                                       159.57 kB │ gzip:  34.29 kB
dist/assets/research-library-DyFj3S7m.js                                 511.39 kB │ gzip:  49.86 kB
dist/assets/index-_0f2LZpG.js                                          2,233.46 kB │ gzip: 551.47 kB

✓ built in 705ms
[plugin builtin:vite-reporter] 
(!) Some chunks are larger than 900 kB after minification. Consider:
- Using dynamic import() to code-split the application
- Use build.rolldownOptions.output.codeSplitting to improve chunking: https://rolldown.rs/reference/OutputOptions.codeSplitting
- Adjust chunk size limit for this warning via build.chunkSizeWarningLimit.
